// Jest Snapshot v1, https://goo.gl/fbAQLP

exports[`Insertion Sort renders correctly 1`] = `
<div
  className="container"
>
  <div
    className="row"
  >
    <form
      onSubmit={[Function]}
    >
      <button
        className="my-1 btn btn-primary"
        disabled={false}
        type="submit"
      >
        Insert
      </button>
      <input
        className="enqueue"
        onChange={[Function]}
        title="queue-input"
        type="number"
        value=""
      />
    </form>
  </div>
  <div
    className="row"
  >
    <button
      className="my-1 btn btn-primary"
      disabled={false}
      onClick={[Function]}
      type="button"
    >
      Remove
    </button>
  </div>
  <div
    className="row"
  >
    <button
      className="my-1"
      onClick={[Function]}
    >
      Sort
    </button>
  </div>
  <div
    className="row"
  >
    <div
      style={
        Object {
          "border": "solid",
          "height": "18rem",
          "margin": "0 auto",
          "position": "relative",
          "width": "50rem",
        }
      }
    >
      <ul />
    </div>
  </div>
</div>
`;
