// Jest Snapshot v1, https://goo.gl/fbAQLP

exports[`Linked list page renders correctly 1`] = `
<div>
  <div>
    <div
      className="container-fluid"
      style={
        Object {
          "paddingTop": 60,
        }
      }
    >
      <div
        className="row"
        style={
          Object {
            "fontSize": 20,
            "fontWeight": 500,
            "justifyContent": "center",
            "paddingTop": 15,
          }
        }
      >
        Insert
      </div>
      <div
        className="row"
        style={
          Object {
            "justifyContent": "center",
          }
        }
      >
        <form
          className="form-inline"
          onSubmit={[Function]}
        >
          <input
            className="my-1 mr-2 form-control"
            name="Value"
            placeholder="Value"
            type="text"
          />
          <label
            className="my-1 mr-2 form-label"
            htmlFor="inlineFormCustomSelectPref"
          >
            At Position
          </label>
          <select
            className="my-1 mr-sm-2 form-control"
            id="inlineFormCustomSelectPref"
            name="Place"
          >
            <option
              value="Tail"
            >
              Tail
            </option>
            <option
              value="0"
            >
              Head
            </option>
            <option
              value="1"
            >
              One
            </option>
            <option
              value="2"
            >
              Two
            </option>
            <option
              value="3"
            >
              Three
            </option>
          </select>
          <button
            className="my-1 btn btn-primary"
            disabled={false}
            type="submit"
          >
            Insert
          </button>
        </form>
      </div>
      <div
        className="row"
        style={
          Object {
            "fontSize": 20,
            "fontWeight": 500,
            "justifyContent": "center",
            "paddingTop": 15,
          }
        }
      >
        Remove
      </div>
      <div
        className="row"
        style={
          Object {
            "justifyContent": "center",
          }
        }
      >
        <form
          className="form-inline"
          onSubmit={[Function]}
        >
          <label
            className="my-1 mr-2 form-label"
            htmlFor="inlineFormCustomSelectPref"
          >
            Element at Position
          </label>
          <select
            className="my-1 mr-sm-2 form-control"
            id="inlineFormCustomSelectPref"
            name="Place"
          >
            <option
              value="0"
            >
              Head
            </option>
            <option
              value="1"
            >
              One
            </option>
            <option
              value="2"
            >
              Two
            </option>
            <option
              value="3"
            >
              Three
            </option>
            <option
              value="Tail"
            >
              Tail
            </option>
          </select>
          <button
            className="my-1 btn btn-primary"
            disabled={false}
            style={Object {}}
            type="submit"
          >
            Remove
          </button>
        </form>
      </div>
    </div>
  </div>
  <div
    className="row"
    style={
      Object {
        "display": "inline-flex",
        "paddingLeft": 45,
        "paddingTop": 20,
      }
    }
  />
</div>
`;

exports[`Linked list renders correctly 1`] = `
<div>
  <div>
    <div
      className="container-fluid"
      style={
        Object {
          "paddingTop": 60,
        }
      }
    >
      <div
        className="row"
        style={
          Object {
            "fontSize": 20,
            "fontWeight": 500,
            "justifyContent": "center",
            "paddingTop": 15,
          }
        }
      >
        Insert
      </div>
      <div
        className="row"
        style={
          Object {
            "justifyContent": "center",
          }
        }
      >
        <form
          className="form-inline"
          onSubmit={[Function]}
        >
          <input
            className="my-1 mr-2 form-control"
            name="Value"
            placeholder="Value"
            type="text"
          />
          <label
            className="my-1 mr-2 form-label"
            htmlFor="inlineFormCustomSelectPref"
          >
            At Position
          </label>
          <select
            className="my-1 mr-sm-2 form-control"
            id="inlineFormCustomSelectPref"
            name="Place"
          >
            <option
              value="Tail"
            >
              Tail
            </option>
            <option
              value="0"
            >
              Head
            </option>
            <option
              value="1"
            >
              One
            </option>
            <option
              value="2"
            >
              Two
            </option>
            <option
              value="3"
            >
              Three
            </option>
          </select>
          <button
            className="my-1 btn btn-primary"
            disabled={false}
            type="submit"
          >
            Insert
          </button>
        </form>
      </div>
      <div
        className="row"
        style={
          Object {
            "fontSize": 20,
            "fontWeight": 500,
            "justifyContent": "center",
            "paddingTop": 15,
          }
        }
      >
        Remove
      </div>
      <div
        className="row"
        style={
          Object {
            "justifyContent": "center",
          }
        }
      >
        <form
          className="form-inline"
          onSubmit={[Function]}
        >
          <label
            className="my-1 mr-2 form-label"
            htmlFor="inlineFormCustomSelectPref"
          >
            Element at Position
          </label>
          <select
            className="my-1 mr-sm-2 form-control"
            id="inlineFormCustomSelectPref"
            name="Place"
          >
            <option
              value="0"
            >
              Head
            </option>
            <option
              value="1"
            >
              One
            </option>
            <option
              value="2"
            >
              Two
            </option>
            <option
              value="3"
            >
              Three
            </option>
            <option
              value="Tail"
            >
              Tail
            </option>
          </select>
          <button
            className="my-1 btn btn-primary"
            disabled={false}
            style={Object {}}
            type="submit"
          >
            Remove
          </button>
        </form>
      </div>
    </div>
  </div>
  <div
    className="row"
    style={
      Object {
        "display": "inline-flex",
        "paddingLeft": 45,
        "paddingTop": 20,
      }
    }
  />
</div>
`;
